---
source: crates/frontend/lexer/tests/insta.rs
expression: "InstaSnapshot { tokens: &tokens, interner: &interner.borrow() }"
---
tokens:
  - file_id: 1
    value: ~
    kind: struct
    span:
      span:
        start: 0
        end: 6
      file_id: 1
  - file_id: 1
    value:
      String: 1
    kind: identifier
    span:
      span:
        start: 7
        end: 10
      file_id: 1
  - file_id: 1
    value: ~
    kind: "{"
    span:
      span:
        start: 11
        end: 12
      file_id: 1
  - file_id: 1
    value:
      String: 2
    kind: identifier
    span:
      span:
        start: 14
        end: 17
      file_id: 1
  - file_id: 1
    value: ~
    kind: "@"
    span:
      span:
        start: 18
        end: 19
      file_id: 1
  - file_id: 1
    value: ~
    kind: i32
    span:
      span:
        start: 19
        end: 22
      file_id: 1
  - file_id: 1
    value: ~
    kind: "!"
    span:
      span:
        start: 22
        end: 23
      file_id: 1
  - file_id: 1
    value: ~
    kind: ","
    span:
      span:
        start: 23
        end: 24
      file_id: 1
  - file_id: 1
    value:
      String: 3
    kind: identifier
    span:
      span:
        start: 26
        end: 29
      file_id: 1
  - file_id: 1
    value: ~
    kind: "@"
    span:
      span:
        start: 30
        end: 31
      file_id: 1
  - file_id: 1
    value: ~
    kind: i64
    span:
      span:
        start: 31
        end: 34
      file_id: 1
  - file_id: 1
    value: ~
    kind: ","
    span:
      span:
        start: 34
        end: 35
      file_id: 1
  - file_id: 1
    value: ~
    kind: "}"
    span:
      span:
        start: 36
        end: 37
      file_id: 1
  - file_id: 1
    value: ~
    kind: fun
    span:
      span:
        start: 39
        end: 42
      file_id: 1
  - file_id: 1
    value:
      String: 4
    kind: identifier
    span:
      span:
        start: 43
        end: 47
      file_id: 1
  - file_id: 1
    value: ~
    kind: (
    span:
      span:
        start: 47
        end: 48
      file_id: 1
  - file_id: 1
    value: ~
    kind: self
    span:
      span:
        start: 48
        end: 52
      file_id: 1
  - file_id: 1
    value: ~
    kind: "@"
    span:
      span:
        start: 53
        end: 54
      file_id: 1
  - file_id: 1
    value:
      String: 1
    kind: identifier
    span:
      span:
        start: 54
        end: 57
      file_id: 1
  - file_id: 1
    value: ~
    kind: "!"
    span:
      span:
        start: 57
        end: 58
      file_id: 1
  - file_id: 1
    value: ~
    kind: )
    span:
      span:
        start: 58
        end: 59
      file_id: 1
  - file_id: 1
    value: ~
    kind: "@"
    span:
      span:
        start: 60
        end: 61
      file_id: 1
  - file_id: 1
    value:
      String: 5
    kind: identifier
    span:
      span:
        start: 61
        end: 65
      file_id: 1
  - file_id: 1
    value: ~
    kind: "{"
    span:
      span:
        start: 66
        end: 67
      file_id: 1
  - file_id: 1
    value: ~
    kind: self
    span:
      span:
        start: 69
        end: 73
      file_id: 1
  - file_id: 1
    value: ~
    kind: "."
    span:
      span:
        start: 73
        end: 74
      file_id: 1
  - file_id: 1
    value:
      String: 2
    kind: identifier
    span:
      span:
        start: 74
        end: 77
      file_id: 1
  - file_id: 1
    value: ~
    kind: "="
    span:
      span:
        start: 78
        end: 79
      file_id: 1
  - file_id: 1
    value:
      Integer: 42
    kind: int
    span:
      span:
        start: 80
        end: 82
      file_id: 1
  - file_id: 1
    value: ~
    kind: ;
    span:
      span:
        start: 82
        end: 83
      file_id: 1
  - file_id: 1
    value: ~
    kind: "}"
    span:
      span:
        start: 84
        end: 85
      file_id: 1
  - file_id: 1
    value: ~
    kind: struct
    span:
      span:
        start: 87
        end: 93
      file_id: 1
  - file_id: 1
    value:
      String: 6
    kind: identifier
    span:
      span:
        start: 94
        end: 98
      file_id: 1
  - file_id: 1
    value: ~
    kind: "{"
    span:
      span:
        start: 99
        end: 100
      file_id: 1
  - file_id: 1
    value:
      String: 7
    kind: identifier
    span:
      span:
        start: 103
        end: 108
      file_id: 1
  - file_id: 1
    value: ~
    kind: "@"
    span:
      span:
        start: 109
        end: 110
      file_id: 1
  - file_id: 1
    value: ~
    kind: i64
    span:
      span:
        start: 110
        end: 113
      file_id: 1
  - file_id: 1
    value: ~
    kind: "!"
    span:
      span:
        start: 113
        end: 114
      file_id: 1
  - file_id: 1
    value: ~
    kind: ","
    span:
      span:
        start: 114
        end: 115
      file_id: 1
  - file_id: 1
    value:
      String: 8
    kind: identifier
    span:
      span:
        start: 117
        end: 122
      file_id: 1
  - file_id: 1
    value: ~
    kind: "@"
    span:
      span:
        start: 123
        end: 124
      file_id: 1
  - file_id: 1
    value: ~
    kind: i64
    span:
      span:
        start: 124
        end: 127
      file_id: 1
  - file_id: 1
    value: ~
    kind: "!"
    span:
      span:
        start: 127
        end: 128
      file_id: 1
  - file_id: 1
    value: ~
    kind: ","
    span:
      span:
        start: 128
        end: 129
      file_id: 1
  - file_id: 1
    value:
      String: 2
    kind: identifier
    span:
      span:
        start: 131
        end: 134
      file_id: 1
  - file_id: 1
    value: ~
    kind: "@"
    span:
      span:
        start: 135
        end: 136
      file_id: 1
  - file_id: 1
    value:
      String: 1
    kind: identifier
    span:
      span:
        start: 136
        end: 139
      file_id: 1
  - file_id: 1
    value: ~
    kind: ","
    span:
      span:
        start: 139
        end: 140
      file_id: 1
  - file_id: 1
    value: ~
    kind: "}"
    span:
      span:
        start: 141
        end: 142
      file_id: 1
  - file_id: 1
    value: ~
    kind: fun
    span:
      span:
        start: 144
        end: 147
      file_id: 1
  - file_id: 1
    value:
      String: 4
    kind: identifier
    span:
      span:
        start: 148
        end: 152
      file_id: 1
  - file_id: 1
    value: ~
    kind: (
    span:
      span:
        start: 152
        end: 153
      file_id: 1
  - file_id: 1
    value: ~
    kind: self
    span:
      span:
        start: 153
        end: 157
      file_id: 1
  - file_id: 1
    value: ~
    kind: "@"
    span:
      span:
        start: 158
        end: 159
      file_id: 1
  - file_id: 1
    value:
      String: 6
    kind: identifier
    span:
      span:
        start: 159
        end: 163
      file_id: 1
  - file_id: 1
    value: ~
    kind: "!"
    span:
      span:
        start: 163
        end: 164
      file_id: 1
  - file_id: 1
    value: ~
    kind: )
    span:
      span:
        start: 164
        end: 165
      file_id: 1
  - file_id: 1
    value: ~
    kind: "@"
    span:
      span:
        start: 166
        end: 167
      file_id: 1
  - file_id: 1
    value:
      String: 5
    kind: identifier
    span:
      span:
        start: 167
        end: 171
      file_id: 1
  - file_id: 1
    value: ~
    kind: "{"
    span:
      span:
        start: 172
        end: 173
      file_id: 1
  - file_id: 1
    value: ~
    kind: self
    span:
      span:
        start: 175
        end: 179
      file_id: 1
  - file_id: 1
    value: ~
    kind: "."
    span:
      span:
        start: 179
        end: 180
      file_id: 1
  - file_id: 1
    value:
      String: 7
    kind: identifier
    span:
      span:
        start: 180
        end: 185
      file_id: 1
  - file_id: 1
    value: ~
    kind: "="
    span:
      span:
        start: 186
        end: 187
      file_id: 1
  - file_id: 1
    value:
      Integer: 21
    kind: int
    span:
      span:
        start: 188
        end: 190
      file_id: 1
  - file_id: 1
    value: ~
    kind: ;
    span:
      span:
        start: 190
        end: 191
      file_id: 1
  - file_id: 1
    value: ~
    kind: self
    span:
      span:
        start: 193
        end: 197
      file_id: 1
  - file_id: 1
    value: ~
    kind: "."
    span:
      span:
        start: 197
        end: 198
      file_id: 1
  - file_id: 1
    value:
      String: 8
    kind: identifier
    span:
      span:
        start: 198
        end: 203
      file_id: 1
  - file_id: 1
    value: ~
    kind: "="
    span:
      span:
        start: 204
        end: 205
      file_id: 1
  - file_id: 1
    value:
      Integer: 21
    kind: int
    span:
      span:
        start: 206
        end: 208
      file_id: 1
  - file_id: 1
    value: ~
    kind: ;
    span:
      span:
        start: 208
        end: 209
      file_id: 1
  - file_id: 1
    value: ~
    kind: "}"
    span:
      span:
        start: 210
        end: 211
      file_id: 1
  - file_id: 1
    value: ~
    kind: fun
    span:
      span:
        start: 213
        end: 216
      file_id: 1
  - file_id: 1
    value:
      String: 9
    kind: identifier
    span:
      span:
        start: 217
        end: 220
      file_id: 1
  - file_id: 1
    value: ~
    kind: (
    span:
      span:
        start: 220
        end: 221
      file_id: 1
  - file_id: 1
    value: ~
    kind: self
    span:
      span:
        start: 221
        end: 225
      file_id: 1
  - file_id: 1
    value: ~
    kind: "@"
    span:
      span:
        start: 226
        end: 227
      file_id: 1
  - file_id: 1
    value:
      String: 6
    kind: identifier
    span:
      span:
        start: 227
        end: 231
      file_id: 1
  - file_id: 1
    value: ~
    kind: )
    span:
      span:
        start: 231
        end: 232
      file_id: 1
  - file_id: 1
    value: ~
    kind: "@"
    span:
      span:
        start: 233
        end: 234
      file_id: 1
  - file_id: 1
    value: ~
    kind: i64
    span:
      span:
        start: 234
        end: 237
      file_id: 1
  - file_id: 1
    value: ~
    kind: "{"
    span:
      span:
        start: 238
        end: 239
      file_id: 1
  - file_id: 1
    value: ~
    kind: self
    span:
      span:
        start: 241
        end: 245
      file_id: 1
  - file_id: 1
    value: ~
    kind: "."
    span:
      span:
        start: 245
        end: 246
      file_id: 1
  - file_id: 1
    value:
      String: 7
    kind: identifier
    span:
      span:
        start: 246
        end: 251
      file_id: 1
  - file_id: 1
    value: ~
    kind: +
    span:
      span:
        start: 252
        end: 253
      file_id: 1
  - file_id: 1
    value: ~
    kind: self
    span:
      span:
        start: 254
        end: 258
      file_id: 1
  - file_id: 1
    value: ~
    kind: "."
    span:
      span:
        start: 258
        end: 259
      file_id: 1
  - file_id: 1
    value:
      String: 8
    kind: identifier
    span:
      span:
        start: 259
        end: 264
      file_id: 1
  - file_id: 1
    value: ~
    kind: +
    span:
      span:
        start: 265
        end: 266
      file_id: 1
  - file_id: 1
    value: ~
    kind: self
    span:
      span:
        start: 267
        end: 271
      file_id: 1
  - file_id: 1
    value: ~
    kind: "."
    span:
      span:
        start: 271
        end: 272
      file_id: 1
  - file_id: 1
    value:
      String: 2
    kind: identifier
    span:
      span:
        start: 272
        end: 275
      file_id: 1
  - file_id: 1
    value: ~
    kind: "."
    span:
      span:
        start: 275
        end: 276
      file_id: 1
  - file_id: 1
    value:
      String: 2
    kind: identifier
    span:
      span:
        start: 276
        end: 279
      file_id: 1
  - file_id: 1
    value: ~
    kind: +
    span:
      span:
        start: 280
        end: 281
      file_id: 1
  - file_id: 1
    value: ~
    kind: self
    span:
      span:
        start: 282
        end: 286
      file_id: 1
  - file_id: 1
    value: ~
    kind: "."
    span:
      span:
        start: 286
        end: 287
      file_id: 1
  - file_id: 1
    value:
      String: 2
    kind: identifier
    span:
      span:
        start: 287
        end: 290
      file_id: 1
  - file_id: 1
    value: ~
    kind: "."
    span:
      span:
        start: 290
        end: 291
      file_id: 1
  - file_id: 1
    value:
      String: 3
    kind: identifier
    span:
      span:
        start: 291
        end: 294
      file_id: 1
  - file_id: 1
    value: ~
    kind: "}"
    span:
      span:
        start: 295
        end: 296
      file_id: 1
  - file_id: 1
    value: ~
    kind: fun
    span:
      span:
        start: 298
        end: 301
      file_id: 1
  - file_id: 1
    value:
      String: 10
    kind: identifier
    span:
      span:
        start: 302
        end: 306
      file_id: 1
  - file_id: 1
    value: ~
    kind: (
    span:
      span:
        start: 306
        end: 307
      file_id: 1
  - file_id: 1
    value: ~
    kind: )
    span:
      span:
        start: 307
        end: 308
      file_id: 1
  - file_id: 1
    value: ~
    kind: "@"
    span:
      span:
        start: 309
        end: 310
      file_id: 1
  - file_id: 1
    value: ~
    kind: i32
    span:
      span:
        start: 310
        end: 313
      file_id: 1
  - file_id: 1
    value: ~
    kind: "{"
    span:
      span:
        start: 314
        end: 315
      file_id: 1
  - file_id: 1
    value: ~
    kind: let
    span:
      span:
        start: 317
        end: 320
      file_id: 1
  - file_id: 1
    value:
      String: 11
    kind: identifier
    span:
      span:
        start: 321
        end: 325
      file_id: 1
  - file_id: 1
    value: ~
    kind: "@"
    span:
      span:
        start: 326
        end: 327
      file_id: 1
  - file_id: 1
    value: ~
    kind: i32
    span:
      span:
        start: 327
        end: 330
      file_id: 1
  - file_id: 1
    value: ~
    kind: "="
    span:
      span:
        start: 331
        end: 332
      file_id: 1
  - file_id: 1
    value:
      Integer: 0
    kind: int
    span:
      span:
        start: 333
        end: 334
      file_id: 1
  - file_id: 1
    value: ~
    kind: ;
    span:
      span:
        start: 334
        end: 335
      file_id: 1
  - file_id: 1
    value:
      String: 11
    kind: identifier
    span:
      span:
        start: 337
        end: 341
      file_id: 1
  - file_id: 1
    value: ~
    kind: "}"
    span:
      span:
        start: 342
        end: 343
      file_id: 1
interner:
  - Foo
  - foo
  - bar
  - init
  - void
  - Test
  - hello
  - world
  - add
  - main
  - test

